------------------------------------------------------------
TimeQuest Timing Analyzer Summary
------------------------------------------------------------

Type  : Slow 1200mV 85C Model Setup 'divFreq:inst|inst79'
Slack : -0.859
TNS   : -2.003

Type  : Slow 1200mV 85C Model Setup 'divFreq:inst|inst27'
Slack : -0.106
TNS   : -0.106

Type  : Slow 1200mV 85C Model Setup 'divFreq:inst|inst29'
Slack : -0.090
TNS   : -0.090

Type  : Slow 1200mV 85C Model Setup 'divFreq:inst|inst52'
Slack : -0.062
TNS   : -0.062

Type  : Slow 1200mV 85C Model Setup 'divFreq:inst|inst73'
Slack : 0.000
TNS   : 0.000

Type  : Slow 1200mV 85C Model Setup 'divFreq:inst|inst54'
Slack : 0.016
TNS   : 0.000

Type  : Slow 1200mV 85C Model Setup 'divFreq:inst|inst58'
Slack : 0.026
TNS   : 0.000

Type  : Slow 1200mV 85C Model Setup 'divFreq:inst|inst'
Slack : 0.039
TNS   : 0.000

Type  : Slow 1200mV 85C Model Setup 'divFreq:inst|inst65'
Slack : 0.046
TNS   : 0.000

Type  : Slow 1200mV 85C Model Setup 'divFreq:inst|inst44'
Slack : 0.048
TNS   : 0.000

Type  : Slow 1200mV 85C Model Setup 'divFreq:inst|inst31'
Slack : 0.060
TNS   : 0.000

Type  : Slow 1200mV 85C Model Setup 'divFreq:inst|inst46'
Slack : 0.064
TNS   : 0.000

Type  : Slow 1200mV 85C Model Setup 'divFreq:inst|inst43'
Slack : 0.077
TNS   : 0.000

Type  : Slow 1200mV 85C Model Setup 'divFreq:inst|inst35'
Slack : 0.082
TNS   : 0.000

Type  : Slow 1200mV 85C Model Setup 'clock'
Slack : 0.084
TNS   : 0.000

Type  : Slow 1200mV 85C Model Setup 'divFreq:inst|inst25'
Slack : 0.092
TNS   : 0.000

Type  : Slow 1200mV 85C Model Setup 'divFreq:inst|inst71'
Slack : 0.125
TNS   : 0.000

Type  : Slow 1200mV 85C Model Setup 'divFreq:inst|inst39'
Slack : 0.193
TNS   : 0.000

Type  : Slow 1200mV 85C Model Setup 'divFreq:inst|inst61'
Slack : 0.193
TNS   : 0.000

Type  : Slow 1200mV 85C Model Setup 'divFreq:inst|inst77'
Slack : 0.197
TNS   : 0.000

Type  : Slow 1200mV 85C Model Setup 'divFreq:inst|inst33'
Slack : 0.198
TNS   : 0.000

Type  : Slow 1200mV 85C Model Setup 'divFreq:inst|inst63'
Slack : 0.199
TNS   : 0.000

Type  : Slow 1200mV 85C Model Setup 'divFreq:inst|inst69'
Slack : 0.206
TNS   : 0.000

Type  : Slow 1200mV 85C Model Setup 'divFreq:inst|inst50'
Slack : 0.211
TNS   : 0.000

Type  : Slow 1200mV 85C Model Setup 'divFreq:inst|inst48'
Slack : 0.287
TNS   : 0.000

Type  : Slow 1200mV 85C Model Setup 'divFreq:inst|inst67'
Slack : 0.291
TNS   : 0.000

Type  : Slow 1200mV 85C Model Hold 'divFreq:inst|inst67'
Slack : -0.142
TNS   : -0.142

Type  : Slow 1200mV 85C Model Hold 'divFreq:inst|inst48'
Slack : -0.135
TNS   : -0.135

Type  : Slow 1200mV 85C Model Hold 'clock'
Slack : -0.130
TNS   : -0.130

Type  : Slow 1200mV 85C Model Hold 'divFreq:inst|inst71'
Slack : -0.091
TNS   : -0.091

Type  : Slow 1200mV 85C Model Hold 'divFreq:inst|inst35'
Slack : -0.026
TNS   : -0.026

Type  : Slow 1200mV 85C Model Hold 'divFreq:inst|inst43'
Slack : -0.018
TNS   : -0.018

Type  : Slow 1200mV 85C Model Hold 'divFreq:inst|inst31'
Slack : 0.003
TNS   : 0.000

Type  : Slow 1200mV 85C Model Hold 'divFreq:inst|inst44'
Slack : 0.011
TNS   : 0.000

Type  : Slow 1200mV 85C Model Hold 'divFreq:inst|inst65'
Slack : 0.011
TNS   : 0.000

Type  : Slow 1200mV 85C Model Hold 'divFreq:inst|inst77'
Slack : 0.011
TNS   : 0.000

Type  : Slow 1200mV 85C Model Hold 'divFreq:inst|inst50'
Slack : 0.017
TNS   : 0.000

Type  : Slow 1200mV 85C Model Hold 'divFreq:inst|inst69'
Slack : 0.022
TNS   : 0.000

Type  : Slow 1200mV 85C Model Hold 'divFreq:inst|inst'
Slack : 0.024
TNS   : 0.000

Type  : Slow 1200mV 85C Model Hold 'divFreq:inst|inst63'
Slack : 0.030
TNS   : 0.000

Type  : Slow 1200mV 85C Model Hold 'divFreq:inst|inst33'
Slack : 0.031
TNS   : 0.000

Type  : Slow 1200mV 85C Model Hold 'divFreq:inst|inst61'
Slack : 0.036
TNS   : 0.000

Type  : Slow 1200mV 85C Model Hold 'divFreq:inst|inst25'
Slack : 0.037
TNS   : 0.000

Type  : Slow 1200mV 85C Model Hold 'divFreq:inst|inst39'
Slack : 0.037
TNS   : 0.000

Type  : Slow 1200mV 85C Model Hold 'divFreq:inst|inst58'
Slack : 0.038
TNS   : 0.000

Type  : Slow 1200mV 85C Model Hold 'divFreq:inst|inst46'
Slack : 0.096
TNS   : 0.000

Type  : Slow 1200mV 85C Model Hold 'divFreq:inst|inst73'
Slack : 0.106
TNS   : 0.000

Type  : Slow 1200mV 85C Model Hold 'divFreq:inst|inst52'
Slack : 0.113
TNS   : 0.000

Type  : Slow 1200mV 85C Model Hold 'divFreq:inst|inst54'
Slack : 0.119
TNS   : 0.000

Type  : Slow 1200mV 85C Model Hold 'divFreq:inst|inst29'
Slack : 0.154
TNS   : 0.000

Type  : Slow 1200mV 85C Model Hold 'divFreq:inst|inst27'
Slack : 0.178
TNS   : 0.000

Type  : Slow 1200mV 85C Model Hold 'divFreq:inst|inst79'
Slack : 0.359
TNS   : 0.000

Type  : Slow 1200mV 85C Model Recovery 'divFreq:inst|inst79'
Slack : -1.098
TNS   : -3.294

Type  : Slow 1200mV 85C Model Removal 'divFreq:inst|inst79'
Slack : 1.254
TNS   : 0.000

Type  : Slow 1200mV 85C Model Minimum Pulse Width 'clock'
Slack : -3.000
TNS   : -4.000

Type  : Slow 1200mV 85C Model Minimum Pulse Width 'divFreq:inst|inst79'
Slack : -1.000
TNS   : -5.000

Type  : Slow 1200mV 85C Model Minimum Pulse Width 'divFreq:inst|inst'
Slack : -1.000
TNS   : -1.000

Type  : Slow 1200mV 85C Model Minimum Pulse Width 'divFreq:inst|inst25'
Slack : -1.000
TNS   : -1.000

Type  : Slow 1200mV 85C Model Minimum Pulse Width 'divFreq:inst|inst27'
Slack : -1.000
TNS   : -1.000

Type  : Slow 1200mV 85C Model Minimum Pulse Width 'divFreq:inst|inst29'
Slack : -1.000
TNS   : -1.000

Type  : Slow 1200mV 85C Model Minimum Pulse Width 'divFreq:inst|inst31'
Slack : -1.000
TNS   : -1.000

Type  : Slow 1200mV 85C Model Minimum Pulse Width 'divFreq:inst|inst33'
Slack : -1.000
TNS   : -1.000

Type  : Slow 1200mV 85C Model Minimum Pulse Width 'divFreq:inst|inst35'
Slack : -1.000
TNS   : -1.000

Type  : Slow 1200mV 85C Model Minimum Pulse Width 'divFreq:inst|inst39'
Slack : -1.000
TNS   : -1.000

Type  : Slow 1200mV 85C Model Minimum Pulse Width 'divFreq:inst|inst43'
Slack : -1.000
TNS   : -1.000

Type  : Slow 1200mV 85C Model Minimum Pulse Width 'divFreq:inst|inst44'
Slack : -1.000
TNS   : -1.000

Type  : Slow 1200mV 85C Model Minimum Pulse Width 'divFreq:inst|inst46'
Slack : -1.000
TNS   : -1.000

Type  : Slow 1200mV 85C Model Minimum Pulse Width 'divFreq:inst|inst48'
Slack : -1.000
TNS   : -1.000

Type  : Slow 1200mV 85C Model Minimum Pulse Width 'divFreq:inst|inst50'
Slack : -1.000
TNS   : -1.000

Type  : Slow 1200mV 85C Model Minimum Pulse Width 'divFreq:inst|inst52'
Slack : -1.000
TNS   : -1.000

Type  : Slow 1200mV 85C Model Minimum Pulse Width 'divFreq:inst|inst54'
Slack : -1.000
TNS   : -1.000

Type  : Slow 1200mV 85C Model Minimum Pulse Width 'divFreq:inst|inst58'
Slack : -1.000
TNS   : -1.000

Type  : Slow 1200mV 85C Model Minimum Pulse Width 'divFreq:inst|inst61'
Slack : -1.000
TNS   : -1.000

Type  : Slow 1200mV 85C Model Minimum Pulse Width 'divFreq:inst|inst63'
Slack : -1.000
TNS   : -1.000

Type  : Slow 1200mV 85C Model Minimum Pulse Width 'divFreq:inst|inst65'
Slack : -1.000
TNS   : -1.000

Type  : Slow 1200mV 85C Model Minimum Pulse Width 'divFreq:inst|inst67'
Slack : -1.000
TNS   : -1.000

Type  : Slow 1200mV 85C Model Minimum Pulse Width 'divFreq:inst|inst69'
Slack : -1.000
TNS   : -1.000

Type  : Slow 1200mV 85C Model Minimum Pulse Width 'divFreq:inst|inst71'
Slack : -1.000
TNS   : -1.000

Type  : Slow 1200mV 85C Model Minimum Pulse Width 'divFreq:inst|inst73'
Slack : -1.000
TNS   : -1.000

Type  : Slow 1200mV 85C Model Minimum Pulse Width 'divFreq:inst|inst77'
Slack : -1.000
TNS   : -1.000

Type  : Slow 1200mV 0C Model Setup 'divFreq:inst|inst79'
Slack : -0.666
TNS   : -1.480

Type  : Slow 1200mV 0C Model Setup 'divFreq:inst|inst27'
Slack : -0.033
TNS   : -0.033

Type  : Slow 1200mV 0C Model Setup 'divFreq:inst|inst29'
Slack : -0.019
TNS   : -0.019

Type  : Slow 1200mV 0C Model Setup 'divFreq:inst|inst52'
Slack : 0.028
TNS   : 0.000

Type  : Slow 1200mV 0C Model Setup 'divFreq:inst|inst73'
Slack : 0.071
TNS   : 0.000

Type  : Slow 1200mV 0C Model Setup 'divFreq:inst|inst54'
Slack : 0.076
TNS   : 0.000

Type  : Slow 1200mV 0C Model Setup 'divFreq:inst|inst58'
Slack : 0.093
TNS   : 0.000

Type  : Slow 1200mV 0C Model Setup 'divFreq:inst|inst'
Slack : 0.103
TNS   : 0.000

Type  : Slow 1200mV 0C Model Setup 'divFreq:inst|inst65'
Slack : 0.111
TNS   : 0.000

Type  : Slow 1200mV 0C Model Setup 'divFreq:inst|inst44'
Slack : 0.116
TNS   : 0.000

Type  : Slow 1200mV 0C Model Setup 'divFreq:inst|inst46'
Slack : 0.121
TNS   : 0.000

Type  : Slow 1200mV 0C Model Setup 'divFreq:inst|inst31'
Slack : 0.128
TNS   : 0.000

Type  : Slow 1200mV 0C Model Setup 'divFreq:inst|inst43'
Slack : 0.140
TNS   : 0.000

Type  : Slow 1200mV 0C Model Setup 'divFreq:inst|inst35'
Slack : 0.141
TNS   : 0.000

Type  : Slow 1200mV 0C Model Setup 'divFreq:inst|inst25'
Slack : 0.150
TNS   : 0.000

Type  : Slow 1200mV 0C Model Setup 'divFreq:inst|inst71'
Slack : 0.184
TNS   : 0.000

Type  : Slow 1200mV 0C Model Setup 'clock'
Slack : 0.187
TNS   : 0.000

Type  : Slow 1200mV 0C Model Setup 'divFreq:inst|inst39'
Slack : 0.225
TNS   : 0.000

Type  : Slow 1200mV 0C Model Setup 'divFreq:inst|inst61'
Slack : 0.226
TNS   : 0.000

Type  : Slow 1200mV 0C Model Setup 'divFreq:inst|inst77'
Slack : 0.229
TNS   : 0.000

Type  : Slow 1200mV 0C Model Setup 'divFreq:inst|inst33'
Slack : 0.231
TNS   : 0.000

Type  : Slow 1200mV 0C Model Setup 'divFreq:inst|inst63'
Slack : 0.233
TNS   : 0.000

Type  : Slow 1200mV 0C Model Setup 'divFreq:inst|inst69'
Slack : 0.238
TNS   : 0.000

Type  : Slow 1200mV 0C Model Setup 'divFreq:inst|inst50'
Slack : 0.244
TNS   : 0.000

Type  : Slow 1200mV 0C Model Setup 'divFreq:inst|inst67'
Slack : 0.330
TNS   : 0.000

Type  : Slow 1200mV 0C Model Setup 'divFreq:inst|inst48'
Slack : 0.334
TNS   : 0.000

Type  : Slow 1200mV 0C Model Hold 'clock'
Slack : -0.182
TNS   : -0.182

Type  : Slow 1200mV 0C Model Hold 'divFreq:inst|inst67'
Slack : -0.151
TNS   : -0.151

Type  : Slow 1200mV 0C Model Hold 'divFreq:inst|inst48'
Slack : -0.150
TNS   : -0.150

Type  : Slow 1200mV 0C Model Hold 'divFreq:inst|inst71'
Slack : -0.112
TNS   : -0.112

Type  : Slow 1200mV 0C Model Hold 'divFreq:inst|inst35'
Slack : -0.042
TNS   : -0.042

Type  : Slow 1200mV 0C Model Hold 'divFreq:inst|inst43'
Slack : -0.042
TNS   : -0.042

Type  : Slow 1200mV 0C Model Hold 'divFreq:inst|inst31'
Slack : -0.025
TNS   : -0.025

Type  : Slow 1200mV 0C Model Hold 'divFreq:inst|inst44'
Slack : -0.015
TNS   : -0.015

Type  : Slow 1200mV 0C Model Hold 'divFreq:inst|inst65'
Slack : -0.015
TNS   : -0.015

Type  : Slow 1200mV 0C Model Hold 'divFreq:inst|inst'
Slack : -0.001
TNS   : -0.001

Type  : Slow 1200mV 0C Model Hold 'divFreq:inst|inst77'
Slack : 0.000
TNS   : 0.000

Type  : Slow 1200mV 0C Model Hold 'divFreq:inst|inst50'
Slack : 0.005
TNS   : 0.000

Type  : Slow 1200mV 0C Model Hold 'divFreq:inst|inst58'
Slack : 0.008
TNS   : 0.000

Type  : Slow 1200mV 0C Model Hold 'divFreq:inst|inst69'
Slack : 0.010
TNS   : 0.000

Type  : Slow 1200mV 0C Model Hold 'divFreq:inst|inst63'
Slack : 0.016
TNS   : 0.000

Type  : Slow 1200mV 0C Model Hold 'divFreq:inst|inst33'
Slack : 0.019
TNS   : 0.000

Type  : Slow 1200mV 0C Model Hold 'divFreq:inst|inst61'
Slack : 0.022
TNS   : 0.000

Type  : Slow 1200mV 0C Model Hold 'divFreq:inst|inst25'
Slack : 0.023
TNS   : 0.000

Type  : Slow 1200mV 0C Model Hold 'divFreq:inst|inst39'
Slack : 0.025
TNS   : 0.000

Type  : Slow 1200mV 0C Model Hold 'divFreq:inst|inst73'
Slack : 0.060
TNS   : 0.000

Type  : Slow 1200mV 0C Model Hold 'divFreq:inst|inst52'
Slack : 0.066
TNS   : 0.000

Type  : Slow 1200mV 0C Model Hold 'divFreq:inst|inst46'
Slack : 0.074
TNS   : 0.000

Type  : Slow 1200mV 0C Model Hold 'divFreq:inst|inst54'
Slack : 0.102
TNS   : 0.000

Type  : Slow 1200mV 0C Model Hold 'divFreq:inst|inst29'
Slack : 0.124
TNS   : 0.000

Type  : Slow 1200mV 0C Model Hold 'divFreq:inst|inst27'
Slack : 0.143
TNS   : 0.000

Type  : Slow 1200mV 0C Model Hold 'divFreq:inst|inst79'
Slack : 0.313
TNS   : 0.000

Type  : Slow 1200mV 0C Model Recovery 'divFreq:inst|inst79'
Slack : -0.884
TNS   : -2.652

Type  : Slow 1200mV 0C Model Removal 'divFreq:inst|inst79'
Slack : 1.125
TNS   : 0.000

Type  : Slow 1200mV 0C Model Minimum Pulse Width 'clock'
Slack : -3.000
TNS   : -4.000

Type  : Slow 1200mV 0C Model Minimum Pulse Width 'divFreq:inst|inst79'
Slack : -1.000
TNS   : -5.000

Type  : Slow 1200mV 0C Model Minimum Pulse Width 'divFreq:inst|inst'
Slack : -1.000
TNS   : -1.000

Type  : Slow 1200mV 0C Model Minimum Pulse Width 'divFreq:inst|inst25'
Slack : -1.000
TNS   : -1.000

Type  : Slow 1200mV 0C Model Minimum Pulse Width 'divFreq:inst|inst27'
Slack : -1.000
TNS   : -1.000

Type  : Slow 1200mV 0C Model Minimum Pulse Width 'divFreq:inst|inst29'
Slack : -1.000
TNS   : -1.000

Type  : Slow 1200mV 0C Model Minimum Pulse Width 'divFreq:inst|inst31'
Slack : -1.000
TNS   : -1.000

Type  : Slow 1200mV 0C Model Minimum Pulse Width 'divFreq:inst|inst33'
Slack : -1.000
TNS   : -1.000

Type  : Slow 1200mV 0C Model Minimum Pulse Width 'divFreq:inst|inst35'
Slack : -1.000
TNS   : -1.000

Type  : Slow 1200mV 0C Model Minimum Pulse Width 'divFreq:inst|inst39'
Slack : -1.000
TNS   : -1.000

Type  : Slow 1200mV 0C Model Minimum Pulse Width 'divFreq:inst|inst43'
Slack : -1.000
TNS   : -1.000

Type  : Slow 1200mV 0C Model Minimum Pulse Width 'divFreq:inst|inst44'
Slack : -1.000
TNS   : -1.000

Type  : Slow 1200mV 0C Model Minimum Pulse Width 'divFreq:inst|inst46'
Slack : -1.000
TNS   : -1.000

Type  : Slow 1200mV 0C Model Minimum Pulse Width 'divFreq:inst|inst48'
Slack : -1.000
TNS   : -1.000

Type  : Slow 1200mV 0C Model Minimum Pulse Width 'divFreq:inst|inst50'
Slack : -1.000
TNS   : -1.000

Type  : Slow 1200mV 0C Model Minimum Pulse Width 'divFreq:inst|inst52'
Slack : -1.000
TNS   : -1.000

Type  : Slow 1200mV 0C Model Minimum Pulse Width 'divFreq:inst|inst54'
Slack : -1.000
TNS   : -1.000

Type  : Slow 1200mV 0C Model Minimum Pulse Width 'divFreq:inst|inst58'
Slack : -1.000
TNS   : -1.000

Type  : Slow 1200mV 0C Model Minimum Pulse Width 'divFreq:inst|inst61'
Slack : -1.000
TNS   : -1.000

Type  : Slow 1200mV 0C Model Minimum Pulse Width 'divFreq:inst|inst63'
Slack : -1.000
TNS   : -1.000

Type  : Slow 1200mV 0C Model Minimum Pulse Width 'divFreq:inst|inst65'
Slack : -1.000
TNS   : -1.000

Type  : Slow 1200mV 0C Model Minimum Pulse Width 'divFreq:inst|inst67'
Slack : -1.000
TNS   : -1.000

Type  : Slow 1200mV 0C Model Minimum Pulse Width 'divFreq:inst|inst69'
Slack : -1.000
TNS   : -1.000

Type  : Slow 1200mV 0C Model Minimum Pulse Width 'divFreq:inst|inst71'
Slack : -1.000
TNS   : -1.000

Type  : Slow 1200mV 0C Model Minimum Pulse Width 'divFreq:inst|inst73'
Slack : -1.000
TNS   : -1.000

Type  : Slow 1200mV 0C Model Minimum Pulse Width 'divFreq:inst|inst77'
Slack : -1.000
TNS   : -1.000

Type  : Fast 1200mV 0C Model Setup 'divFreq:inst|inst79'
Slack : -0.037
TNS   : -0.070

Type  : Fast 1200mV 0C Model Setup 'divFreq:inst|inst27'
Slack : 0.171
TNS   : 0.000

Type  : Fast 1200mV 0C Model Setup 'divFreq:inst|inst29'
Slack : 0.181
TNS   : 0.000

Type  : Fast 1200mV 0C Model Setup 'divFreq:inst|inst52'
Slack : 0.183
TNS   : 0.000

Type  : Fast 1200mV 0C Model Setup 'divFreq:inst|inst58'
Slack : 0.239
TNS   : 0.000

Type  : Fast 1200mV 0C Model Setup 'divFreq:inst|inst'
Slack : 0.242
TNS   : 0.000

Type  : Fast 1200mV 0C Model Setup 'divFreq:inst|inst44'
Slack : 0.242
TNS   : 0.000

Type  : Fast 1200mV 0C Model Setup 'divFreq:inst|inst54'
Slack : 0.244
TNS   : 0.000

Type  : Fast 1200mV 0C Model Setup 'divFreq:inst|inst65'
Slack : 0.245
TNS   : 0.000

Type  : Fast 1200mV 0C Model Setup 'divFreq:inst|inst31'
Slack : 0.262
TNS   : 0.000

Type  : Fast 1200mV 0C Model Setup 'divFreq:inst|inst43'
Slack : 0.268
TNS   : 0.000

Type  : Fast 1200mV 0C Model Setup 'divFreq:inst|inst73'
Slack : 0.270
TNS   : 0.000

Type  : Fast 1200mV 0C Model Setup 'divFreq:inst|inst46'
Slack : 0.272
TNS   : 0.000

Type  : Fast 1200mV 0C Model Setup 'divFreq:inst|inst35'
Slack : 0.274
TNS   : 0.000

Type  : Fast 1200mV 0C Model Setup 'divFreq:inst|inst25'
Slack : 0.287
TNS   : 0.000

Type  : Fast 1200mV 0C Model Setup 'divFreq:inst|inst71'
Slack : 0.287
TNS   : 0.000

Type  : Fast 1200mV 0C Model Setup 'clock'
Slack : 0.317
TNS   : 0.000

Type  : Fast 1200mV 0C Model Setup 'divFreq:inst|inst61'
Slack : 0.353
TNS   : 0.000

Type  : Fast 1200mV 0C Model Setup 'divFreq:inst|inst77'
Slack : 0.353
TNS   : 0.000

Type  : Fast 1200mV 0C Model Setup 'divFreq:inst|inst39'
Slack : 0.355
TNS   : 0.000

Type  : Fast 1200mV 0C Model Setup 'divFreq:inst|inst33'
Slack : 0.361
TNS   : 0.000

Type  : Fast 1200mV 0C Model Setup 'divFreq:inst|inst63'
Slack : 0.361
TNS   : 0.000

Type  : Fast 1200mV 0C Model Setup 'divFreq:inst|inst69'
Slack : 0.363
TNS   : 0.000

Type  : Fast 1200mV 0C Model Setup 'divFreq:inst|inst50'
Slack : 0.368
TNS   : 0.000

Type  : Fast 1200mV 0C Model Setup 'divFreq:inst|inst67'
Slack : 0.385
TNS   : 0.000

Type  : Fast 1200mV 0C Model Setup 'divFreq:inst|inst48'
Slack : 0.390
TNS   : 0.000

Type  : Fast 1200mV 0C Model Hold 'clock'
Slack : -0.132
TNS   : -0.132

Type  : Fast 1200mV 0C Model Hold 'divFreq:inst|inst48'
Slack : -0.083
TNS   : -0.083

Type  : Fast 1200mV 0C Model Hold 'divFreq:inst|inst67'
Slack : -0.076
TNS   : -0.076

Type  : Fast 1200mV 0C Model Hold 'divFreq:inst|inst71'
Slack : -0.033
TNS   : -0.033

Type  : Fast 1200mV 0C Model Hold 'divFreq:inst|inst35'
Slack : -0.020
TNS   : -0.020

Type  : Fast 1200mV 0C Model Hold 'divFreq:inst|inst77'
Slack : -0.017
TNS   : -0.017

Type  : Fast 1200mV 0C Model Hold 'divFreq:inst|inst50'
Slack : -0.013
TNS   : -0.013

Type  : Fast 1200mV 0C Model Hold 'divFreq:inst|inst43'
Slack : -0.009
TNS   : -0.009

Type  : Fast 1200mV 0C Model Hold 'divFreq:inst|inst33'
Slack : -0.006
TNS   : -0.006

Type  : Fast 1200mV 0C Model Hold 'divFreq:inst|inst63'
Slack : -0.006
TNS   : -0.006

Type  : Fast 1200mV 0C Model Hold 'divFreq:inst|inst69'
Slack : -0.006
TNS   : -0.006

Type  : Fast 1200mV 0C Model Hold 'divFreq:inst|inst31'
Slack : -0.003
TNS   : -0.003

Type  : Fast 1200mV 0C Model Hold 'divFreq:inst|inst25'
Slack : -0.002
TNS   : -0.002

Type  : Fast 1200mV 0C Model Hold 'divFreq:inst|inst39'
Slack : 0.001
TNS   : 0.000

Type  : Fast 1200mV 0C Model Hold 'divFreq:inst|inst61'
Slack : 0.001
TNS   : 0.000

Type  : Fast 1200mV 0C Model Hold 'divFreq:inst|inst65'
Slack : 0.009
TNS   : 0.000

Type  : Fast 1200mV 0C Model Hold 'divFreq:inst|inst73'
Slack : 0.013
TNS   : 0.000

Type  : Fast 1200mV 0C Model Hold 'divFreq:inst|inst44'
Slack : 0.015
TNS   : 0.000

Type  : Fast 1200mV 0C Model Hold 'divFreq:inst|inst'
Slack : 0.017
TNS   : 0.000

Type  : Fast 1200mV 0C Model Hold 'divFreq:inst|inst58'
Slack : 0.022
TNS   : 0.000

Type  : Fast 1200mV 0C Model Hold 'divFreq:inst|inst46'
Slack : 0.039
TNS   : 0.000

Type  : Fast 1200mV 0C Model Hold 'divFreq:inst|inst54'
Slack : 0.046
TNS   : 0.000

Type  : Fast 1200mV 0C Model Hold 'divFreq:inst|inst52'
Slack : 0.072
TNS   : 0.000

Type  : Fast 1200mV 0C Model Hold 'divFreq:inst|inst29'
Slack : 0.078
TNS   : 0.000

Type  : Fast 1200mV 0C Model Hold 'divFreq:inst|inst27'
Slack : 0.092
TNS   : 0.000

Type  : Fast 1200mV 0C Model Hold 'divFreq:inst|inst79'
Slack : 0.188
TNS   : 0.000

Type  : Fast 1200mV 0C Model Recovery 'divFreq:inst|inst79'
Slack : -0.170
TNS   : -0.510

Type  : Fast 1200mV 0C Model Removal 'divFreq:inst|inst79'
Slack : 0.690
TNS   : 0.000

Type  : Fast 1200mV 0C Model Minimum Pulse Width 'clock'
Slack : -3.000
TNS   : -4.000

Type  : Fast 1200mV 0C Model Minimum Pulse Width 'divFreq:inst|inst79'
Slack : -1.000
TNS   : -5.000

Type  : Fast 1200mV 0C Model Minimum Pulse Width 'divFreq:inst|inst'
Slack : -1.000
TNS   : -1.000

Type  : Fast 1200mV 0C Model Minimum Pulse Width 'divFreq:inst|inst25'
Slack : -1.000
TNS   : -1.000

Type  : Fast 1200mV 0C Model Minimum Pulse Width 'divFreq:inst|inst27'
Slack : -1.000
TNS   : -1.000

Type  : Fast 1200mV 0C Model Minimum Pulse Width 'divFreq:inst|inst29'
Slack : -1.000
TNS   : -1.000

Type  : Fast 1200mV 0C Model Minimum Pulse Width 'divFreq:inst|inst31'
Slack : -1.000
TNS   : -1.000

Type  : Fast 1200mV 0C Model Minimum Pulse Width 'divFreq:inst|inst33'
Slack : -1.000
TNS   : -1.000

Type  : Fast 1200mV 0C Model Minimum Pulse Width 'divFreq:inst|inst35'
Slack : -1.000
TNS   : -1.000

Type  : Fast 1200mV 0C Model Minimum Pulse Width 'divFreq:inst|inst39'
Slack : -1.000
TNS   : -1.000

Type  : Fast 1200mV 0C Model Minimum Pulse Width 'divFreq:inst|inst43'
Slack : -1.000
TNS   : -1.000

Type  : Fast 1200mV 0C Model Minimum Pulse Width 'divFreq:inst|inst44'
Slack : -1.000
TNS   : -1.000

Type  : Fast 1200mV 0C Model Minimum Pulse Width 'divFreq:inst|inst46'
Slack : -1.000
TNS   : -1.000

Type  : Fast 1200mV 0C Model Minimum Pulse Width 'divFreq:inst|inst48'
Slack : -1.000
TNS   : -1.000

Type  : Fast 1200mV 0C Model Minimum Pulse Width 'divFreq:inst|inst50'
Slack : -1.000
TNS   : -1.000

Type  : Fast 1200mV 0C Model Minimum Pulse Width 'divFreq:inst|inst52'
Slack : -1.000
TNS   : -1.000

Type  : Fast 1200mV 0C Model Minimum Pulse Width 'divFreq:inst|inst54'
Slack : -1.000
TNS   : -1.000

Type  : Fast 1200mV 0C Model Minimum Pulse Width 'divFreq:inst|inst58'
Slack : -1.000
TNS   : -1.000

Type  : Fast 1200mV 0C Model Minimum Pulse Width 'divFreq:inst|inst61'
Slack : -1.000
TNS   : -1.000

Type  : Fast 1200mV 0C Model Minimum Pulse Width 'divFreq:inst|inst63'
Slack : -1.000
TNS   : -1.000

Type  : Fast 1200mV 0C Model Minimum Pulse Width 'divFreq:inst|inst65'
Slack : -1.000
TNS   : -1.000

Type  : Fast 1200mV 0C Model Minimum Pulse Width 'divFreq:inst|inst67'
Slack : -1.000
TNS   : -1.000

Type  : Fast 1200mV 0C Model Minimum Pulse Width 'divFreq:inst|inst69'
Slack : -1.000
TNS   : -1.000

Type  : Fast 1200mV 0C Model Minimum Pulse Width 'divFreq:inst|inst71'
Slack : -1.000
TNS   : -1.000

Type  : Fast 1200mV 0C Model Minimum Pulse Width 'divFreq:inst|inst73'
Slack : -1.000
TNS   : -1.000

Type  : Fast 1200mV 0C Model Minimum Pulse Width 'divFreq:inst|inst77'
Slack : -1.000
TNS   : -1.000

------------------------------------------------------------
